// Jest Snapshot v1, https://goo.gl/fbAQLP

exports[`Should render Editpage correctly 1`] = `
<div>
  <div
    className="page-header"
  >
    <div
      className="content-container"
    >
      <h1
        className="page-header__title"
      >
        Edit expense
      </h1>
    </div>
  </div>
  <div
    className="content-container"
  >
    <div
      className="content-container__left"
    >
      <button
        className="button--secondary"
        onClick={[Function]}
      >
        Remove expense
      </button>
    </div>
    <ExpenseForm
      expense={
        Object {
          "amount": 195,
          "createdAt": 0,
          "description": "gum",
          "id": "1",
          "note": "",
        }
      }
      onSubmit={[Function]}
    />
  </div>
</div>
`;
